Circuit: * Z:\mnt\MAIN\Documents and Settings\Enkitec\Documents\LTspiceXVII\Current Dumping V1.asc

WARNING: Less than two connections to node INV.  This node is used by V4.
Direct Newton iteration for .op point skipped.
Starting Gmin stepping
Gmin = 10
Gmin = 1.07374
Gmin = 0.115292
Gmin = 0.0123794
Gmin = 0.00132923
Gmin = 0.000142725
vernier = 0.5
vernier = 0.25
vernier = 0.125
vernier = 0.0625
Gmin = 0.000136271
vernier = 0.03125
vernier = 0.015625
vernier = 0.0078125
vernier = 0.00390625
vernier = 0.00195313
Gmin = 0.000138265
vernier = 0.000976563
vernier = 0.000488281
Gmin = 0
Gmin stepping failed

Starting source stepping with srcstepmethod=0
Source Step = 3.0303%
Source Step = 33.3333%
Source Step = 63.6364%
Source Step = 93.9394%
Source stepping succeeded in finding the operating point.

.step freq=1000
Changing Tseed to 2.44141e-011
N-Period=1
Fourier components of V(out)
DC component:-0.000419525

Harmonic	Frequency	 Fourier 	Normalized	 Phase  	Normalized
 Number 	  [Hz]   	Component	 Component	[degree]	Phase [deg]
    1   	1.000e+03	3.024e+01	1.000e+00	   -0.13°	    0.00°
    2   	2.000e+03	3.347e-06	1.107e-07	 -170.40°	 -170.27°
    3   	3.000e+03	5.440e-05	1.799e-06	   31.70°	   31.83°
    4   	4.000e+03	5.345e-07	1.767e-08	   -2.98°	   -2.85°
    5   	5.000e+03	2.731e-05	9.030e-07	   -8.10°	   -7.97°
    6   	6.000e+03	1.033e-06	3.415e-08	 -174.44°	 -174.32°
    7   	7.000e+03	1.924e-05	6.363e-07	   -1.76°	   -1.63°
    8   	8.000e+03	7.642e-07	2.527e-08	 -172.18°	 -172.05°
    9   	9.000e+03	1.505e-05	4.976e-07	   -3.84°	   -3.71°
Total Harmonic Distortion: 0.000217%(0.000000%)


.step freq=10000
N-Period=1
Fourier components of V(out)
DC component:-0.00040772

Harmonic	Frequency	 Fourier 	Normalized	 Phase  	Normalized
 Number 	  [Hz]   	Component	 Component	[degree]	Phase [deg]
    1   	1.000e+04	3.024e+01	1.000e+00	   -1.29°	    0.00°
    2   	2.000e+04	6.258e-05	2.069e-06	 -121.34°	 -120.05°
    3   	3.000e+04	2.604e-04	8.611e-06	   82.50°	   83.79°
    4   	4.000e+04	7.084e-06	2.343e-07	  -88.28°	  -86.98°
    5   	5.000e+04	8.468e-05	2.800e-06	  -29.12°	  -27.82°
    6   	6.000e+04	1.951e-05	6.452e-07	 -134.96°	 -133.67°
    7   	7.000e+04	8.102e-05	2.679e-06	  -14.08°	  -12.78°
    8   	8.000e+04	1.721e-05	5.691e-07	 -135.86°	 -134.56°
    9   	9.000e+04	9.847e-05	3.256e-06	  -19.47°	  -18.18°
Total Harmonic Distortion: 0.001024%(0.008607%)



Measurement "pq12pk" FAIL'ed


Date: Thu Aug 20 08:56:50 2026
Total elapsed time: 9.670 seconds.

tnom = 27
temp = 27
method = modified trap
totiter = 86055
traniter = 83841
tranpoints = 41627
accept = 41282
rejected = 342
matrix size = 103
fillins = 492
Thread vector: 19.1/16.1[2] 6.9/7.2[1] 3.3/5.6[1] 2.3/4.0[1]  2592/500
Matrix Compiler1: 70.58 KB object code size  25.3/11.4/[7.9]
Matrix Compiler2: 20.85 KB object code size  5.0/3.6/[2.2]

